Installing...
Running as single site... To run multisite, use -c tests/phpunit/multisite.xml
docker : [26-Feb-2026 20:56:47 UTC] WordPress database error 
Duplicate entry '1' for key 'active_key_unique' for query ALT
ER TABLE wptests_mhm_rentiva_key_registry ADD UNIQUE KEY `act
ive_key_unique` (`active_key`) made by include('/var/www/html
/wp-content/plugins/mhm-rentiva/vendor/phpunit/phpunit/phpuni
t'), PHPUnit\TextUI\Command::main, PHPUnit\TextUI\Command->ru
n, PHPUnit\TextUI\Command->handleArguments, PHPUnit\TextUI\Co
mmand->handleBootstrap, PHPUnit\Util\FileLoader::checkAndLoad
, PHPUnit\Util\FileLoader::load, include_once('/var/www/html/
wp-content/plugins/mhm-rentiva/tests/bootstrap.php'), require
('/opt/wordpress-tests-lib/includes/bootstrap.php'), require_
once('wp-settings.php'), do_action('muplugins_loaded'), WP_Ho
ok->do_action, WP_Hook->apply_filters, PHPUnit\Util\FileLoade
r::{closure}, MHMRentiva\Admin\Core\Utilities\DatabaseMigrato
r::run_migrations, MHMRentiva\Admin\Core\Utilities\DatabaseMi
grator::create_key_registry_table, dbDelta
At line:1 char:1
+ docker exec -w /var/www/html/wp-content/plugins/mhm-rentiva
/ rentiva- ...
+ ~~~~~~~~~~~~~~~~~~~~~~~~~~~~~~~~~~~~~~~~~~~~~~~~~~~~~~~~~~~
~~~~~~~~~~
    + CategoryInfo          : NotSpecified: ([26-Feb-2026 20 
   ..._table, dbDelta:String) [], RemoteException
    + FullyQualifiedErrorId : NativeCommandError
 
[26-Feb-2026 20:56:47 UTC] WordPress database error Multiple 
primary key defined for query ALTER TABLE wptests_mhm_rentiva
_tenants CHANGE COLUMN `id` id BIGINT UNSIGNED AUTO_INCREMENT
 PRIMARY KEY made by include('/var/www/html/wp-content/plugin
s/mhm-rentiva/vendor/phpunit/phpunit/phpunit'), PHPUnit\TextU
I\Command::main, PHPUnit\TextUI\Command->run, PHPUnit\TextUI\
Command->handleArguments, PHPUnit\TextUI\Command->handleBoots
trap, PHPUnit\Util\FileLoader::checkAndLoad, PHPUnit\Util\Fil
eLoader::load, include_once('/var/www/html/wp-content/plugins
/mhm-rentiva/tests/bootstrap.php'), require('/opt/wordpress-t
ests-lib/includes/bootstrap.php'), require_once('wp-settings.
php'), do_action('muplugins_loaded'), WP_Hook->do_action, WP_
Hook->apply_filters, PHPUnit\Util\FileLoader::{closure}, MHMR
entiva\Admin\Core\Utilities\DatabaseMigrator::run_migrations,
 MHMRentiva\Core\Database\Migrations\OrchestrationMigration::
run, dbDelta
[26-Feb-2026 20:56:47 UTC] WordPress database error Multiple 
primary key defined for query ALTER TABLE wptests_mhm_rentiva
_usage_metrics CHANGE COLUMN `id` id BIGINT UNSIGNED AUTO_INC
REMENT PRIMARY KEY made by include('/var/www/html/wp-content/
plugins/mhm-rentiva/vendor/phpunit/phpunit/phpunit'), PHPUnit
\TextUI\Command::main, PHPUnit\TextUI\Command->run, PHPUnit\T
extUI\Command->handleArguments, PHPUnit\TextUI\Command->handl
eBootstrap, PHPUnit\Util\FileLoader::checkAndLoad, PHPUnit\Ut
il\FileLoader::load, include_once('/var/www/html/wp-content/p
lugins/mhm-rentiva/tests/bootstrap.php'), require('/opt/wordp
ress-tests-lib/includes/bootstrap.php'), require_once('wp-set
tings.php'), do_action('muplugins_loaded'), WP_Hook->do_actio
n, WP_Hook->apply_filters, PHPUnit\Util\FileLoader::{closure}
, MHMRentiva\Admin\Core\Utilities\DatabaseMigrator::run_migra
tions, MHMRentiva\Core\Database\Migrations\OrchestrationMigra
tion::run, dbDelta
<div id="error"><p class="wpdberror"><strong>WordPress database error:</strong> [Duplicate entry &#039;1&#039; for key &#039;active_key_unique&#039;]<br /><code>ALTER TABLE wptests_mhm_rentiva_key_registry ADD UNIQUE KEY `active_key_unique` (`active_key`)</code></p></div><div id="error"><p class="wpdberror"><strong>WordPress database error:</strong> [Multiple primary key defined]<br /><code>ALTER TABLE wptests_mhm_rentiva_tenants CHANGE COLUMN `id` id BIGINT UNSIGNED AUTO_INCREMENT PRIMARY KEY</code></p></div><div id="error"><p class="wpdberror"><strong>WordPress database error:</strong> [Multiple primary key defined]<br /><code>ALTER TABLE wptests_mhm_rentiva_usage_metrics CHANGE COLUMN `id` id BIGINT UNSIGNED AUTO_INCREMENT PRIMARY KEY</code></p></div>Not running ajax tests. To execute these, use --group ajax.
Not running ms-files tests. To execute these, use --group ms-files.
Not running external-http tests. To execute these, use --group external-http.
PHPUnit 9.6.32 by Sebastian Bergmann and contributors.

...............................................................  63 / 348 ( 18%)
...........................string(58) "Response is: {"success":true,"data":{"keys":[],"count":0}}"
.................................... 126 / 348 ( 36%)
.............EEEEEEEE.E......EE.E..E..EEEEE..EEEE.............. 189 / 348 ( 54%)
............................................................... 252 / 348 ( 72%)
............................................................... 315 / 348 ( 90%)
...................SSS...........                               348 / 348 (100%)

Time: 00:16.892, Memory: 78.50 MB

There were 22 errors:

1) MHMRentiva\Tests\Core\Financial\AtomicPayoutServiceTest::test_atomic_approve_success
MHMRentiva\Core\Tenancy\Exceptions\TenantResolutionException: Failed to resolve a valid TenantContext. Reason: No valid tenant ID detected in current request scope.

/var/www/html/wp-content/plugins/mhm-rentiva/src/Core/Tenancy/Exceptions/TenantResolutionException.php:28
/var/www/html/wp-content/plugins/mhm-rentiva/src/Core/Tenancy/TenantResolver.php:62
/var/www/html/wp-content/plugins/mhm-rentiva/src/Core/Financial/Ledger.php:32
/var/www/html/wp-content/plugins/mhm-rentiva/tests/Core/Financial/AtomicPayoutServiceTest.php:174
/var/www/html/wp-content/plugins/mhm-rentiva/tests/Core/Financial/AtomicPayoutServiceTest.php:68
/var/www/html/wp-content/plugins/mhm-rentiva/vendor/bin/phpunit:122

2) MHMRentiva\Tests\Core\Financial\AtomicPayoutServiceTest::test_rows_affected_zero_triggers_rollback
MHMRentiva\Core\Tenancy\Exceptions\TenantResolutionException: Failed to resolve a valid TenantContext. Reason: No valid tenant ID detected in current request scope.

/var/www/html/wp-content/plugins/mhm-rentiva/src/Core/Tenancy/Exceptions/TenantResolutionException.php:28
/var/www/html/wp-content/plugins/mhm-rentiva/src/Core/Tenancy/TenantResolver.php:62
/var/www/html/wp-content/plugins/mhm-rentiva/src/Core/Financial/Ledger.php:32
/var/www/html/wp-content/plugins/mhm-rentiva/tests/Core/Financial/AtomicPayoutServiceTest.php:174
/var/www/html/wp-content/plugins/mhm-rentiva/tests/Core/Financial/AtomicPayoutServiceTest.php:68
/var/www/html/wp-content/plugins/mhm-rentiva/vendor/bin/phpunit:122

3) MHMRentiva\Tests\Core\Financial\AtomicPayoutServiceTest::test_concurrent_approve_guard
MHMRentiva\Core\Tenancy\Exceptions\TenantResolutionException: Failed to resolve a valid TenantContext. Reason: No valid tenant ID detected in current request scope.

/var/www/html/wp-content/plugins/mhm-rentiva/src/Core/Tenancy/Exceptions/TenantResolutionException.php:28
/var/www/html/wp-content/plugins/mhm-rentiva/src/Core/Tenancy/TenantResolver.php:62
/var/www/html/wp-content/plugins/mhm-rentiva/src/Core/Financial/Ledger.php:32
/var/www/html/wp-content/plugins/mhm-rentiva/tests/Core/Financial/AtomicPayoutServiceTest.php:174
/var/www/html/wp-content/plugins/mhm-rentiva/tests/Core/Financial/AtomicPayoutServiceTest.php:68
/var/www/html/wp-content/plugins/mhm-rentiva/vendor/bin/phpunit:122

4) MHMRentiva\Tests\Core\Financial\AtomicPayoutServiceTest::test_invalid_payout_id_returns_wp_error
MHMRentiva\Core\Tenancy\Exceptions\TenantResolutionException: Failed to resolve a valid TenantContext. Reason: No valid tenant ID detected in current request scope.

/var/www/html/wp-content/plugins/mhm-rentiva/src/Core/Tenancy/Exceptions/TenantResolutionException.php:28
/var/www/html/wp-content/plugins/mhm-rentiva/src/Core/Tenancy/TenantResolver.php:62
/var/www/html/wp-content/plugins/mhm-rentiva/src/Core/Financial/Ledger.php:32
/var/www/html/wp-content/plugins/mhm-rentiva/tests/Core/Financial/AtomicPayoutServiceTest.php:174
/var/www/html/wp-content/plugins/mhm-rentiva/tests/Core/Financial/AtomicPayoutServiceTest.php:68
/var/www/html/wp-content/plugins/mhm-rentiva/vendor/bin/phpunit:122

5) MHMRentiva\Tests\Core\Financial\AtomicRegressionTest::test_governance_wrap_succeeds_atomic_payout
MHMRentiva\Core\Tenancy\Exceptions\TenantResolutionException: Failed to resolve a valid TenantContext. Reason: No valid tenant ID detected in current request scope.

/var/www/html/wp-content/plugins/mhm-rentiva/src/Core/Tenancy/Exceptions/TenantResolutionException.php:28
/var/www/html/wp-content/plugins/mhm-rentiva/src/Core/Tenancy/TenantResolver.php:62
/var/www/html/wp-content/plugins/mhm-rentiva/src/Core/Financial/Ledger.php:32
/var/www/html/wp-content/plugins/mhm-rentiva/tests/Core/Financial/AtomicRegressionTest.php:112
/var/www/html/wp-content/plugins/mhm-rentiva/tests/Core/Financial/AtomicRegressionTest.php:57
/var/www/html/wp-content/plugins/mhm-rentiva/vendor/bin/phpunit:122

6) MHMRentiva\Tests\Core\Financial\Audit\Sprint11AuditExportTest::test_audit_export_determinism
MHMRentiva\Core\Financial\Exceptions\GovernanceException: Export creation failed: Failed to resolve a valid TenantContext. Reason: No valid tenant ID detected in current request scope.

/var/www/html/wp-content/plugins/mhm-rentiva/src/Core/Financial/Audit/Export/AuditExportService.php:141
/var/www/html/wp-content/plugins/mhm-rentiva/tests/Core/Financial/Audit/Sprint11AuditExportTest.php:113
/var/www/html/wp-content/plugins/mhm-rentiva/vendor/bin/phpunit:122

7) MHMRentiva\Tests\Core\Financial\Audit\Sprint11AuditExportTest::test_signature_verification_integrity
MHMRentiva\Core\Financial\Exceptions\GovernanceException: Export creation failed: Failed to resolve a valid TenantContext. Reason: No valid tenant ID detected in current request scope.

/var/www/html/wp-content/plugins/mhm-rentiva/src/Core/Financial/Audit/Export/AuditExportService.php:141
/var/www/html/wp-content/plugins/mhm-rentiva/tests/Core/Financial/Audit/Sprint11AuditExportTest.php:127
/var/www/html/wp-content/plugins/mhm-rentiva/vendor/bin/phpunit:122

8) MHMRentiva\Tests\Core\Financial\Audit\Sprint11AuditExportTest::test_tamper_detection_breaks_signature
MHMRentiva\Core\Financial\Exceptions\GovernanceException: Export creation failed: Failed to resolve a valid TenantContext. Reason: No valid tenant ID detected in current request scope.

/var/www/html/wp-content/plugins/mhm-rentiva/src/Core/Financial/Audit/Export/AuditExportService.php:141
/var/www/html/wp-content/plugins/mhm-rentiva/tests/Core/Financial/Audit/Sprint11AuditExportTest.php:148
/var/www/html/wp-content/plugins/mhm-rentiva/vendor/bin/phpunit:122

9) MHMRentiva\Tests\Core\Financial\Audit\Sprint11AuditExportTest::test_key_rotation_preserves_historical_verification
MHMRentiva\Core\Financial\Exceptions\GovernanceException: Export creation failed: Failed to resolve a valid TenantContext. Reason: No valid tenant ID detected in current request scope.

/var/www/html/wp-content/plugins/mhm-rentiva/src/Core/Financial/Audit/Export/AuditExportService.php:141
/var/www/html/wp-content/plugins/mhm-rentiva/tests/Core/Financial/Audit/Sprint11AuditExportTest.php:220
/var/www/html/wp-content/plugins/mhm-rentiva/vendor/bin/phpunit:122

10) MHMRentiva\Tests\Core\Financial\ForensicHardeningTest::test_forensic_commit_success
MHMRentiva\Core\Tenancy\Exceptions\TenantResolutionException: Failed to resolve a valid TenantContext. Reason: No valid tenant ID detected in current request scope.

/var/www/html/wp-content/plugins/mhm-rentiva/src/Core/Tenancy/Exceptions/TenantResolutionException.php:28
/var/www/html/wp-content/plugins/mhm-rentiva/src/Core/Tenancy/TenantResolver.php:62
/var/www/html/wp-content/plugins/mhm-rentiva/src/Core/Financial/AtomicPayoutService.php:80
/var/www/html/wp-content/plugins/mhm-rentiva/src/Core/Financial/GovernanceService.php:163
/var/www/html/wp-content/plugins/mhm-rentiva/tests/Core/Financial/ForensicHardeningTest.php:84
/var/www/html/wp-content/plugins/mhm-rentiva/vendor/bin/phpunit:122

11) MHMRentiva\Tests\Core\Financial\ForensicHardeningTest::test_forensic_rollback_guarantee
MHMRentiva\Core\Tenancy\Exceptions\TenantResolutionException: Failed to resolve a valid TenantContext. Reason: No valid tenant ID detected in current request scope.

/var/www/html/wp-content/plugins/mhm-rentiva/src/Core/Tenancy/Exceptions/TenantResolutionException.php:28
/var/www/html/wp-content/plugins/mhm-rentiva/src/Core/Tenancy/TenantResolver.php:62
/var/www/html/wp-content/plugins/mhm-rentiva/src/Core/Financial/AtomicPayoutService.php:80
/var/www/html/wp-content/plugins/mhm-rentiva/src/Core/Financial/GovernanceService.php:163
/var/www/html/wp-content/plugins/mhm-rentiva/tests/Core/Financial/ForensicHardeningTest.php:118
/var/www/html/wp-content/plugins/mhm-rentiva/vendor/bin/phpunit:122

12) MHMRentiva\Tests\Core\Financial\ForensicHardeningTest::test_forensic_event_not_duplicated_on_retry
MHMRentiva\Core\Tenancy\Exceptions\TenantResolutionException: Failed to resolve a valid TenantContext. Reason: No valid tenant ID detected in current request scope.

/var/www/html/wp-content/plugins/mhm-rentiva/src/Core/Tenancy/Exceptions/TenantResolutionException.php:28
/var/www/html/wp-content/plugins/mhm-rentiva/src/Core/Tenancy/TenantResolver.php:62
/var/www/html/wp-content/plugins/mhm-rentiva/src/Core/Financial/AtomicPayoutService.php:80
/var/www/html/wp-content/plugins/mhm-rentiva/src/Core/Financial/GovernanceService.php:163
/var/www/html/wp-content/plugins/mhm-rentiva/tests/Core/Financial/ForensicHardeningTest.php:169
/var/www/html/wp-content/plugins/mhm-rentiva/vendor/bin/phpunit:122

13) MHMRentiva\Tests\Core\Financial\GovernanceAuthorizationTest::test_auth_allowed_with_capability
MHMRentiva\Core\Tenancy\Exceptions\TenantResolutionException: Failed to resolve a valid TenantContext. Reason: No valid tenant ID detected in current request scope.

/var/www/html/wp-content/plugins/mhm-rentiva/src/Core/Tenancy/Exceptions/TenantResolutionException.php:28
/var/www/html/wp-content/plugins/mhm-rentiva/src/Core/Tenancy/TenantResolver.php:62
/var/www/html/wp-content/plugins/mhm-rentiva/src/Core/Financial/Ledger.php:32
/var/www/html/wp-content/plugins/mhm-rentiva/tests/Core/Financial/GovernanceAuthorizationTest.php:106
/var/www/html/wp-content/plugins/mhm-rentiva/tests/Core/Financial/GovernanceAuthorizationTest.php:77
/var/www/html/wp-content/plugins/mhm-rentiva/vendor/bin/phpunit:122

14) MHMRentiva\Tests\Core\Financial\LedgerTest::test_duplicate_uuid_silent_ignore
MHMRentiva\Core\Tenancy\Exceptions\TenantResolutionException: Failed to resolve a valid TenantContext. Reason: No valid tenant ID detected in current request scope.

/var/www/html/wp-content/plugins/mhm-rentiva/src/Core/Tenancy/Exceptions/TenantResolutionException.php:28
/var/www/html/wp-content/plugins/mhm-rentiva/src/Core/Tenancy/TenantResolver.php:62
/var/www/html/wp-content/plugins/mhm-rentiva/src/Core/Financial/Ledger.php:32
/var/www/html/wp-content/plugins/mhm-rentiva/tests/Core/Financial/LedgerTest.php:46
/var/www/html/wp-content/plugins/mhm-rentiva/vendor/bin/phpunit:122

15) MHMRentiva\Tests\Core\Financial\LedgerTest::test_pending_vs_cleared_separation
MHMRentiva\Core\Tenancy\Exceptions\TenantResolutionException: Failed to resolve a valid TenantContext. Reason: No valid tenant ID detected in current request scope.

/var/www/html/wp-content/plugins/mhm-rentiva/src/Core/Tenancy/Exceptions/TenantResolutionException.php:28
/var/www/html/wp-content/plugins/mhm-rentiva/src/Core/Tenancy/TenantResolver.php:62
/var/www/html/wp-content/plugins/mhm-rentiva/src/Core/Financial/Ledger.php:32
/var/www/html/wp-content/plugins/mhm-rentiva/tests/Core/Financial/LedgerTest.php:59
/var/www/html/wp-content/plugins/mhm-rentiva/vendor/bin/phpunit:122

16) MHMRentiva\Tests\Core\Financial\LedgerTest::test_refund_negative_entry_deduction
MHMRentiva\Core\Tenancy\Exceptions\TenantResolutionException: Failed to resolve a valid TenantContext. Reason: No valid tenant ID detected in current request scope.

/var/www/html/wp-content/plugins/mhm-rentiva/src/Core/Tenancy/Exceptions/TenantResolutionException.php:28
/var/www/html/wp-content/plugins/mhm-rentiva/src/Core/Tenancy/TenantResolver.php:62
/var/www/html/wp-content/plugins/mhm-rentiva/src/Core/Financial/Ledger.php:32
/var/www/html/wp-content/plugins/mhm-rentiva/tests/Core/Financial/LedgerTest.php:75
/var/www/html/wp-content/plugins/mhm-rentiva/vendor/bin/phpunit:122

17) MHMRentiva\Tests\Core\Financial\LedgerTest::test_payout_debit_balance_reduction
MHMRentiva\Core\Tenancy\Exceptions\TenantResolutionException: Failed to resolve a valid TenantContext. Reason: No valid tenant ID detected in current request scope.

/var/www/html/wp-content/plugins/mhm-rentiva/src/Core/Tenancy/Exceptions/TenantResolutionException.php:28
/var/www/html/wp-content/plugins/mhm-rentiva/src/Core/Tenancy/TenantResolver.php:62
/var/www/html/wp-content/plugins/mhm-rentiva/src/Core/Financial/Ledger.php:32
/var/www/html/wp-content/plugins/mhm-rentiva/tests/Core/Financial/LedgerTest.php:85
/var/www/html/wp-content/plugins/mhm-rentiva/vendor/bin/phpunit:122

18) MHMRentiva\Tests\Core\Financial\LedgerTest::test_multiple_vendor_isolation
MHMRentiva\Core\Tenancy\Exceptions\TenantResolutionException: Failed to resolve a valid TenantContext. Reason: No valid tenant ID detected in current request scope.

/var/www/html/wp-content/plugins/mhm-rentiva/src/Core/Tenancy/Exceptions/TenantResolutionException.php:28
/var/www/html/wp-content/plugins/mhm-rentiva/src/Core/Tenancy/TenantResolver.php:62
/var/www/html/wp-content/plugins/mhm-rentiva/src/Core/Financial/Ledger.php:32
/var/www/html/wp-content/plugins/mhm-rentiva/tests/Core/Financial/LedgerTest.php:98
/var/www/html/wp-content/plugins/mhm-rentiva/vendor/bin/phpunit:122

19) MHMRentiva\Tests\Core\Financial\Sprint10GovernanceTest::test_high_risk_auto_freeze
MHMRentiva\Core\Tenancy\Exceptions\TenantResolutionException: Failed to resolve a valid TenantContext. Reason: No valid tenant ID detected in current request scope.

/var/www/html/wp-content/plugins/mhm-rentiva/src/Core/Tenancy/Exceptions/TenantResolutionException.php:28
/var/www/html/wp-content/plugins/mhm-rentiva/src/Core/Tenancy/TenantResolver.php:62
/var/www/html/wp-content/plugins/mhm-rentiva/src/Core/Financial/GovernanceService.php:97
/var/www/html/wp-content/plugins/mhm-rentiva/tests/Core/Financial/Sprint10GovernanceTest.php:155
/var/www/html/wp-content/plugins/mhm-rentiva/vendor/bin/phpunit:122

20) MHMRentiva\Tests\Core\Financial\Sprint10GovernanceTest::test_maker_can_bypass_with_override_capability
MHMRentiva\Core\Tenancy\Exceptions\TenantResolutionException: Failed to resolve a valid TenantContext. Reason: No valid tenant ID detected in current request scope.

/var/www/html/wp-content/plugins/mhm-rentiva/src/Core/Tenancy/Exceptions/TenantResolutionException.php:28
/var/www/html/wp-content/plugins/mhm-rentiva/src/Core/Tenancy/TenantResolver.php:62
/var/www/html/wp-content/plugins/mhm-rentiva/src/Core/Financial/GovernanceService.php:126
/var/www/html/wp-content/plugins/mhm-rentiva/tests/Core/Financial/Sprint10GovernanceTest.php:179
/var/www/html/wp-content/plugins/mhm-rentiva/vendor/bin/phpunit:122

21) MHMRentiva\Tests\Core\Financial\TenantIsolationTest::test_ledger_balance_is_isolated_per_tenant
Error: Call to undefined method MHMRentiva\Core\Financial\LedgerEntry::create_credit()

/var/www/html/wp-content/plugins/mhm-rentiva/tests/Core/Financial/TenantIsolationTest.php:54
/var/www/html/wp-content/plugins/mhm-rentiva/vendor/bin/phpunit:122

22) MHMRentiva\Tests\Core\Financial\TenantIsolationTest::test_ledger_entries_are_isolated_per_tenant
Error: Call to undefined method MHMRentiva\Core\Financial\LedgerEntry::create_credit()

/var/www/html/wp-content/plugins/mhm-rentiva/tests/Core/Financial/TenantIsolationTest.php:81
/var/www/html/wp-content/plugins/mhm-rentiva/vendor/bin/phpunit:122

ERRORS!
Tests: 348, Assertions: 1550, Errors: 22, Skipped: 3.
